// Jest Snapshot v1, https://goo.gl/fbAQLP

exports[`should render ExpenseListItem with expense 1`] = `
<div>
  <Link
    to="/edit/3"
  >
    <p>
      Credit Card
    </p>
  </Link>
  <p>
    4500
     - 
    345600000
  </p>
</div>
`;
