// Jest Snapshot v1, https://goo.gl/fbAQLP

exports[`should render Not found page 1`] = `
<div>
  404 Not Found -
  <Link
    to="/"
  >
     GoHome 
  </Link>
</div>
`;
